     1                                  ; NAME
     2                                  ; Assignment
     3                                  ; Date
     4                                  ; Etc...
     5                                  
     6                                  SECTION .data
     7                                  ; define data/variables here.  Think DB, DW, DD, DQ
     8                                  
     9                                  SECTION .bss
    10                                  ; define uninitialized data here
    11                                  
    12                                  SECTION .text
    13                                  global _main
    14                                  _main:
    15                                  
    16                                  ; put your code here.
    17                                  
    18                                  
    19                                  
    20                                  ; Normal termination code
    21 00000000 B801000000              mov eax, 1
    22 00000005 BB00000000              mov ebx, 0
    23 0000000A CD80                    int 80h
